CRITICAL - 2026-01-29 08:29:56 --> Error: Call to a member function uuid4() on null
[Method: POST, Route: create-order]
in APPPATH\Controllers\Report.php on line 135.
 1 SYSTEMPATH\CodeIgniter.php(933): App\Controllers\Report->create_order()
 2 SYSTEMPATH\CodeIgniter.php(507): CodeIgniter\CodeIgniter->runController(Object(App\Controllers\Report))
 3 SYSTEMPATH\CodeIgniter.php(354): CodeIgniter\CodeIgniter->handleRequest(null, Object(Config\Cache), false)
 4 SYSTEMPATH\Boot.php(363): CodeIgniter\CodeIgniter->run()
 5 SYSTEMPATH\Boot.php(68): CodeIgniter\Boot::runCodeIgniter(Object(CodeIgniter\CodeIgniter))
 6 FCPATH\index.php(68): CodeIgniter\Boot::bootWeb(Object(Config\Paths))
 7 SYSTEMPATH\rewrite.php(44): require_once('C:\\Users\\100-CPU-TBN\\Desktop\\shearing-project\\majShearing\\public\\index.php')
CRITICAL - 2026-01-29 08:30:09 --> Error: Call to a member function uuid4() on null
[Method: POST, Route: create-order]
in APPPATH\Controllers\Report.php on line 135.
 1 SYSTEMPATH\CodeIgniter.php(933): App\Controllers\Report->create_order()
 2 SYSTEMPATH\CodeIgniter.php(507): CodeIgniter\CodeIgniter->runController(Object(App\Controllers\Report))
 3 SYSTEMPATH\CodeIgniter.php(354): CodeIgniter\CodeIgniter->handleRequest(null, Object(Config\Cache), false)
 4 SYSTEMPATH\Boot.php(363): CodeIgniter\CodeIgniter->run()
 5 SYSTEMPATH\Boot.php(68): CodeIgniter\Boot::runCodeIgniter(Object(CodeIgniter\CodeIgniter))
 6 FCPATH\index.php(68): CodeIgniter\Boot::bootWeb(Object(Config\Paths))
 7 SYSTEMPATH\rewrite.php(44): require_once('C:\\Users\\100-CPU-TBN\\Desktop\\shearing-project\\majShearing\\public\\index.php')
CRITICAL - 2026-01-29 08:31:33 --> Error: Call to a member function uuid4() on null
[Method: POST, Route: create-order]
in APPPATH\Controllers\Report.php on line 135.
 1 SYSTEMPATH\CodeIgniter.php(933): App\Controllers\Report->create_order()
 2 SYSTEMPATH\CodeIgniter.php(507): CodeIgniter\CodeIgniter->runController(Object(App\Controllers\Report))
 3 SYSTEMPATH\CodeIgniter.php(354): CodeIgniter\CodeIgniter->handleRequest(null, Object(Config\Cache), false)
 4 SYSTEMPATH\Boot.php(363): CodeIgniter\CodeIgniter->run()
 5 SYSTEMPATH\Boot.php(68): CodeIgniter\Boot::runCodeIgniter(Object(CodeIgniter\CodeIgniter))
 6 FCPATH\index.php(68): CodeIgniter\Boot::bootWeb(Object(Config\Paths))
 7 SYSTEMPATH\rewrite.php(44): require_once('C:\\Users\\100-CPU-TBN\\Desktop\\shearing-project\\majShearing\\public\\index.php')
CRITICAL - 2026-01-29 08:35:16 --> CodeIgniter\Database\Exceptions\DataException: There is no primary key defined when trying to make insert.
[Method: POST, Route: create-order]
in SYSTEMPATH\Model.php on line 358.
 1 SYSTEMPATH\Model.php(358): CodeIgniter\Database\Exceptions\DataException::forEmptyPrimaryKey('insert')
 2 SYSTEMPATH\BaseModel.php(838): CodeIgniter\Model->doInsert([...])
 3 SYSTEMPATH\Model.php(797): CodeIgniter\BaseModel->insert([...], true)
 4 APPPATH\Controllers\Report.php(137): CodeIgniter\Model->insert([...])
 5 SYSTEMPATH\CodeIgniter.php(933): App\Controllers\Report->create_order()
 6 SYSTEMPATH\CodeIgniter.php(507): CodeIgniter\CodeIgniter->runController(Object(App\Controllers\Report))
 7 SYSTEMPATH\CodeIgniter.php(354): CodeIgniter\CodeIgniter->handleRequest(null, Object(Config\Cache), false)
 8 SYSTEMPATH\Boot.php(363): CodeIgniter\CodeIgniter->run()
 9 SYSTEMPATH\Boot.php(68): CodeIgniter\Boot::runCodeIgniter(Object(CodeIgniter\CodeIgniter))
10 FCPATH\index.php(68): CodeIgniter\Boot::bootWeb(Object(Config\Paths))
11 SYSTEMPATH\rewrite.php(44): require_once('C:\\Users\\100-CPU-TBN\\Desktop\\shearing-project\\majShearing\\public\\index.php')
CRITICAL - 2026-01-29 08:36:15 --> CodeIgniter\Database\Exceptions\DataException: There is no primary key defined when trying to make insert.
[Method: POST, Route: create-order]
in SYSTEMPATH\Model.php on line 358.
 1 SYSTEMPATH\Model.php(358): CodeIgniter\Database\Exceptions\DataException::forEmptyPrimaryKey('insert')
 2 SYSTEMPATH\BaseModel.php(838): CodeIgniter\Model->doInsert([...])
 3 SYSTEMPATH\Model.php(797): CodeIgniter\BaseModel->insert([...], true)
 4 APPPATH\Controllers\Report.php(137): CodeIgniter\Model->insert([...])
 5 SYSTEMPATH\CodeIgniter.php(933): App\Controllers\Report->create_order()
 6 SYSTEMPATH\CodeIgniter.php(507): CodeIgniter\CodeIgniter->runController(Object(App\Controllers\Report))
 7 SYSTEMPATH\CodeIgniter.php(354): CodeIgniter\CodeIgniter->handleRequest(null, Object(Config\Cache), false)
 8 SYSTEMPATH\Boot.php(363): CodeIgniter\CodeIgniter->run()
 9 SYSTEMPATH\Boot.php(68): CodeIgniter\Boot::runCodeIgniter(Object(CodeIgniter\CodeIgniter))
10 FCPATH\index.php(68): CodeIgniter\Boot::bootWeb(Object(Config\Paths))
11 SYSTEMPATH\rewrite.php(44): require_once('C:\\Users\\100-CPU-TBN\\Desktop\\shearing-project\\majShearing\\public\\index.php')
CRITICAL - 2026-01-29 08:39:20 --> CodeIgniter\Database\Exceptions\DataException: There is no primary key defined when trying to make insert.
[Method: POST, Route: create-order]
in SYSTEMPATH\Model.php on line 358.
 1 SYSTEMPATH\Model.php(358): CodeIgniter\Database\Exceptions\DataException::forEmptyPrimaryKey('insert')
 2 SYSTEMPATH\BaseModel.php(838): CodeIgniter\Model->doInsert([...])
 3 SYSTEMPATH\Model.php(797): CodeIgniter\BaseModel->insert([...], true)
 4 APPPATH\Controllers\Report.php(137): CodeIgniter\Model->insert([...])
 5 SYSTEMPATH\CodeIgniter.php(933): App\Controllers\Report->create_order()
 6 SYSTEMPATH\CodeIgniter.php(507): CodeIgniter\CodeIgniter->runController(Object(App\Controllers\Report))
 7 SYSTEMPATH\CodeIgniter.php(354): CodeIgniter\CodeIgniter->handleRequest(null, Object(Config\Cache), false)
 8 SYSTEMPATH\Boot.php(363): CodeIgniter\CodeIgniter->run()
 9 SYSTEMPATH\Boot.php(68): CodeIgniter\Boot::runCodeIgniter(Object(CodeIgniter\CodeIgniter))
10 FCPATH\index.php(68): CodeIgniter\Boot::bootWeb(Object(Config\Paths))
11 SYSTEMPATH\rewrite.php(44): require_once('C:\\Users\\100-CPU-TBN\\Desktop\\shearing-project\\majShearing\\public\\index.php')
ERROR - 2026-01-29 08:40:36 --> Error connecting to the database: mysqli_sql_exception: Access denied for user ''@'localhost' (using password: NO) in C:\Users\100-CPU-TBN\Desktop\shearing-project\majShearing\system\Database\MySQLi\Connection.php:201
Stack trace:
#0 C:\Users\100-CPU-TBN\Desktop\shearing-project\majShearing\system\Database\MySQLi\Connection.php(201): mysqli->real_connect('localhost', '', Object(SensitiveParameterValue), '', 3306, '', 0)
#1 C:\Users\100-CPU-TBN\Desktop\shearing-project\majShearing\system\Database\BaseConnection.php(419): CodeIgniter\Database\MySQLi\Connection->connect(false)
#2 C:\Users\100-CPU-TBN\Desktop\shearing-project\majShearing\system\Database\BaseConnection.php(614): CodeIgniter\Database\BaseConnection->initialize()
#3 C:\Users\100-CPU-TBN\Desktop\shearing-project\majShearing\system\Database\BaseBuilder.php(2345): CodeIgniter\Database\BaseConnection->query('INSERT INTO `sh...', Array, false)
#4 C:\Users\100-CPU-TBN\Desktop\shearing-project\majShearing\system\Model.php(394): CodeIgniter\Database\BaseBuilder->insert()
#5 C:\Users\100-CPU-TBN\Desktop\shearing-project\majShearing\system\BaseModel.php(838): CodeIgniter\Model->doInsert(Array)
#6 C:\Users\100-CPU-TBN\Desktop\shearing-project\majShearing\system\Model.php(797): CodeIgniter\BaseModel->insert(Array, true)
#7 C:\Users\100-CPU-TBN\Desktop\shearing-project\majShearing\app\Controllers\Report.php(137): CodeIgniter\Model->insert(Array)
#8 C:\Users\100-CPU-TBN\Desktop\shearing-project\majShearing\system\CodeIgniter.php(933): App\Controllers\Report->create_order()
#9 C:\Users\100-CPU-TBN\Desktop\shearing-project\majShearing\system\CodeIgniter.php(507): CodeIgniter\CodeIgniter->runController(Object(App\Controllers\Report))
#10 C:\Users\100-CPU-TBN\Desktop\shearing-project\majShearing\system\CodeIgniter.php(354): CodeIgniter\CodeIgniter->handleRequest(NULL, Object(Config\Cache), false)
#11 C:\Users\100-CPU-TBN\Desktop\shearing-project\majShearing\system\Boot.php(363): CodeIgniter\CodeIgniter->run()
#12 C:\Users\100-CPU-TBN\Desktop\shearing-project\majShearing\system\Boot.php(68): CodeIgniter\Boot::runCodeIgniter(Object(CodeIgniter\CodeIgniter))
#13 C:\Users\100-CPU-TBN\Desktop\shearing-project\majShearing\public\index.php(68): CodeIgniter\Boot::bootWeb(Object(Config\Paths))
#14 C:\Users\100-CPU-TBN\Desktop\shearing-project\majShearing\system\rewrite.php(44): require_once('C:\\Users\\100-CP...')
#15 {main}

Next CodeIgniter\Database\Exceptions\DatabaseException: Access denied for user ''@'localhost' (using password: NO) in C:\Users\100-CPU-TBN\Desktop\shearing-project\majShearing\system\Database\MySQLi\Connection.php:246
Stack trace:
#0 C:\Users\100-CPU-TBN\Desktop\shearing-project\majShearing\system\Database\BaseConnection.php(419): CodeIgniter\Database\MySQLi\Connection->connect(false)
#1 C:\Users\100-CPU-TBN\Desktop\shearing-project\majShearing\system\Database\BaseConnection.php(614): CodeIgniter\Database\BaseConnection->initialize()
#2 C:\Users\100-CPU-TBN\Desktop\shearing-project\majShearing\system\Database\BaseBuilder.php(2345): CodeIgniter\Database\BaseConnection->query('INSERT INTO `sh...', Array, false)
#3 C:\Users\100-CPU-TBN\Desktop\shearing-project\majShearing\system\Model.php(394): CodeIgniter\Database\BaseBuilder->insert()
#4 C:\Users\100-CPU-TBN\Desktop\shearing-project\majShearing\system\BaseModel.php(838): CodeIgniter\Model->doInsert(Array)
#5 C:\Users\100-CPU-TBN\Desktop\shearing-project\majShearing\system\Model.php(797): CodeIgniter\BaseModel->insert(Array, true)
#6 C:\Users\100-CPU-TBN\Desktop\shearing-project\majShearing\app\Controllers\Report.php(137): CodeIgniter\Model->insert(Array)
#7 C:\Users\100-CPU-TBN\Desktop\shearing-project\majShearing\system\CodeIgniter.php(933): App\Controllers\Report->create_order()
#8 C:\Users\100-CPU-TBN\Desktop\shearing-project\majShearing\system\CodeIgniter.php(507): CodeIgniter\CodeIgniter->runController(Object(App\Controllers\Report))
#9 C:\Users\100-CPU-TBN\Desktop\shearing-project\majShearing\system\CodeIgniter.php(354): CodeIgniter\CodeIgniter->handleRequest(NULL, Object(Config\Cache), false)
#10 C:\Users\100-CPU-TBN\Desktop\shearing-project\majShearing\system\Boot.php(363): CodeIgniter\CodeIgniter->run()
#11 C:\Users\100-CPU-TBN\Desktop\shearing-project\majShearing\system\Boot.php(68): CodeIgniter\Boot::runCodeIgniter(Object(CodeIgniter\CodeIgniter))
#12 C:\Users\100-CPU-TBN\Desktop\shearing-project\majShearing\public\index.php(68): CodeIgniter\Boot::bootWeb(Object(Config\Paths))
#13 C:\Users\100-CPU-TBN\Desktop\shearing-project\majShearing\system\rewrite.php(44): require_once('C:\\Users\\100-CP...')
#14 {main}
CRITICAL - 2026-01-29 08:40:36 --> CodeIgniter\Database\Exceptions\DatabaseException: Unable to connect to the database.
Main connection [MySQLi]: Access denied for user ''@'localhost' (using password: NO)
[Method: POST, Route: create-order]
in SYSTEMPATH\Database\BaseConnection.php on line 465.
 1 SYSTEMPATH\Database\BaseConnection.php(614): CodeIgniter\Database\BaseConnection->initialize()
 2 SYSTEMPATH\Database\BaseBuilder.php(2345): CodeIgniter\Database\BaseConnection->query('INSERT INTO `shearing_transaction` (`shearing_number`, `order_type`, `quantity`, `payload`, `status`, `created_at`, `nik`) VALUES (:shearing_number:, :order_type:, :quantity:, :payload:, :status:, :created_at:, :nik:)', [...], false)
 3 SYSTEMPATH\Model.php(394): CodeIgniter\Database\BaseBuilder->insert()
 4 SYSTEMPATH\BaseModel.php(838): CodeIgniter\Model->doInsert([...])
 5 SYSTEMPATH\Model.php(797): CodeIgniter\BaseModel->insert([...], true)
 6 APPPATH\Controllers\Report.php(137): CodeIgniter\Model->insert([...])
 7 SYSTEMPATH\CodeIgniter.php(933): App\Controllers\Report->create_order()
 8 SYSTEMPATH\CodeIgniter.php(507): CodeIgniter\CodeIgniter->runController(Object(App\Controllers\Report))
 9 SYSTEMPATH\CodeIgniter.php(354): CodeIgniter\CodeIgniter->handleRequest(null, Object(Config\Cache), false)
10 SYSTEMPATH\Boot.php(363): CodeIgniter\CodeIgniter->run()
11 SYSTEMPATH\Boot.php(68): CodeIgniter\Boot::runCodeIgniter(Object(CodeIgniter\CodeIgniter))
12 FCPATH\index.php(68): CodeIgniter\Boot::bootWeb(Object(Config\Paths))
13 SYSTEMPATH\rewrite.php(44): require_once('C:\\Users\\100-CPU-TBN\\Desktop\\shearing-project\\majShearing\\public\\index.php')
ERROR - 2026-01-29 08:41:02 --> mysqli_sql_exception: No database selected in C:\Users\100-CPU-TBN\Desktop\shearing-project\majShearing\system\Database\MySQLi\Connection.php:327
Stack trace:
#0 C:\Users\100-CPU-TBN\Desktop\shearing-project\majShearing\system\Database\MySQLi\Connection.php(327): mysqli->query('INSERT INTO `sh...', 0)
#1 C:\Users\100-CPU-TBN\Desktop\shearing-project\majShearing\system\Database\BaseConnection.php(729): CodeIgniter\Database\MySQLi\Connection->execute('INSERT INTO `sh...')
#2 C:\Users\100-CPU-TBN\Desktop\shearing-project\majShearing\system\Database\BaseConnection.php(646): CodeIgniter\Database\BaseConnection->simpleQuery('INSERT INTO `sh...')
#3 C:\Users\100-CPU-TBN\Desktop\shearing-project\majShearing\system\Database\BaseBuilder.php(2345): CodeIgniter\Database\BaseConnection->query('INSERT INTO `sh...', Array, false)
#4 C:\Users\100-CPU-TBN\Desktop\shearing-project\majShearing\system\Model.php(394): CodeIgniter\Database\BaseBuilder->insert()
#5 C:\Users\100-CPU-TBN\Desktop\shearing-project\majShearing\system\BaseModel.php(838): CodeIgniter\Model->doInsert(Array)
#6 C:\Users\100-CPU-TBN\Desktop\shearing-project\majShearing\system\Model.php(797): CodeIgniter\BaseModel->insert(Array, true)
#7 C:\Users\100-CPU-TBN\Desktop\shearing-project\majShearing\app\Controllers\Report.php(137): CodeIgniter\Model->insert(Array)
#8 C:\Users\100-CPU-TBN\Desktop\shearing-project\majShearing\system\CodeIgniter.php(933): App\Controllers\Report->create_order()
#9 C:\Users\100-CPU-TBN\Desktop\shearing-project\majShearing\system\CodeIgniter.php(507): CodeIgniter\CodeIgniter->runController(Object(App\Controllers\Report))
#10 C:\Users\100-CPU-TBN\Desktop\shearing-project\majShearing\system\CodeIgniter.php(354): CodeIgniter\CodeIgniter->handleRequest(NULL, Object(Config\Cache), false)
#11 C:\Users\100-CPU-TBN\Desktop\shearing-project\majShearing\system\Boot.php(363): CodeIgniter\CodeIgniter->run()
#12 C:\Users\100-CPU-TBN\Desktop\shearing-project\majShearing\system\Boot.php(68): CodeIgniter\Boot::runCodeIgniter(Object(CodeIgniter\CodeIgniter))
#13 C:\Users\100-CPU-TBN\Desktop\shearing-project\majShearing\public\index.php(68): CodeIgniter\Boot::bootWeb(Object(Config\Paths))
#14 C:\Users\100-CPU-TBN\Desktop\shearing-project\majShearing\system\rewrite.php(44): require_once('C:\\Users\\100-CP...')
#15 {main}
CRITICAL - 2026-01-29 08:41:02 --> CodeIgniter\Database\Exceptions\DatabaseException: No database selected
[Method: POST, Route: create-order]
in SYSTEMPATH\Database\BaseConnection.php on line 684.
 1 SYSTEMPATH\Database\BaseBuilder.php(2345): CodeIgniter\Database\BaseConnection->query('INSERT INTO `shearing_transaction` (`shearing_number`, `order_type`, `quantity`, `payload`, `status`, `created_at`, `nik`) VALUES (:shearing_number:, :order_type:, :quantity:, :payload:, :status:, :created_at:, :nik:)', [...], false)
 2 SYSTEMPATH\Model.php(394): CodeIgniter\Database\BaseBuilder->insert()
 3 SYSTEMPATH\BaseModel.php(838): CodeIgniter\Model->doInsert([...])
 4 SYSTEMPATH\Model.php(797): CodeIgniter\BaseModel->insert([...], true)
 5 APPPATH\Controllers\Report.php(137): CodeIgniter\Model->insert([...])
 6 SYSTEMPATH\CodeIgniter.php(933): App\Controllers\Report->create_order()
 7 SYSTEMPATH\CodeIgniter.php(507): CodeIgniter\CodeIgniter->runController(Object(App\Controllers\Report))
 8 SYSTEMPATH\CodeIgniter.php(354): CodeIgniter\CodeIgniter->handleRequest(null, Object(Config\Cache), false)
 9 SYSTEMPATH\Boot.php(363): CodeIgniter\CodeIgniter->run()
10 SYSTEMPATH\Boot.php(68): CodeIgniter\Boot::runCodeIgniter(Object(CodeIgniter\CodeIgniter))
11 FCPATH\index.php(68): CodeIgniter\Boot::bootWeb(Object(Config\Paths))
12 SYSTEMPATH\rewrite.php(44): require_once('C:\\Users\\100-CPU-TBN\\Desktop\\shearing-project\\majShearing\\public\\index.php')
CRITICAL - 2026-01-29 08:41:02 --> [Caused by] CodeIgniter\Database\Exceptions\DatabaseException: No database selected
in SYSTEMPATH\Database\MySQLi\Connection.php on line 332.
 1 SYSTEMPATH\Database\BaseConnection.php(729): CodeIgniter\Database\MySQLi\Connection->execute('INSERT INTO `shearing_transaction` (`shearing_number`, `order_type`, `quantity`, `payload`, `status`, `created_at`, `nik`) VALUES (\'S53728-BZ130-00\', \'ZSHR\', \'200\', \'{\\"shearing\\":\\"S53728-BZ130-00\\",\\"quantity\\":\\"200\\"}\', \'pending\', \'2026-01-29 08:41:02\', \'R.9293\')')
 2 SYSTEMPATH\Database\BaseConnection.php(646): CodeIgniter\Database\BaseConnection->simpleQuery('INSERT INTO `shearing_transaction` (`shearing_number`, `order_type`, `quantity`, `payload`, `status`, `created_at`, `nik`) VALUES (\'S53728-BZ130-00\', \'ZSHR\', \'200\', \'{\\"shearing\\":\\"S53728-BZ130-00\\",\\"quantity\\":\\"200\\"}\', \'pending\', \'2026-01-29 08:41:02\', \'R.9293\')')
 3 SYSTEMPATH\Database\BaseBuilder.php(2345): CodeIgniter\Database\BaseConnection->query('INSERT INTO `shearing_transaction` (`shearing_number`, `order_type`, `quantity`, `payload`, `status`, `created_at`, `nik`) VALUES (:shearing_number:, :order_type:, :quantity:, :payload:, :status:, :created_at:, :nik:)', [...], false)
 4 SYSTEMPATH\Model.php(394): CodeIgniter\Database\BaseBuilder->insert()
 5 SYSTEMPATH\BaseModel.php(838): CodeIgniter\Model->doInsert([...])
 6 SYSTEMPATH\Model.php(797): CodeIgniter\BaseModel->insert([...], true)
 7 APPPATH\Controllers\Report.php(137): CodeIgniter\Model->insert([...])
 8 SYSTEMPATH\CodeIgniter.php(933): App\Controllers\Report->create_order()
 9 SYSTEMPATH\CodeIgniter.php(507): CodeIgniter\CodeIgniter->runController(Object(App\Controllers\Report))
10 SYSTEMPATH\CodeIgniter.php(354): CodeIgniter\CodeIgniter->handleRequest(null, Object(Config\Cache), false)
11 SYSTEMPATH\Boot.php(363): CodeIgniter\CodeIgniter->run()
12 SYSTEMPATH\Boot.php(68): CodeIgniter\Boot::runCodeIgniter(Object(CodeIgniter\CodeIgniter))
13 FCPATH\index.php(68): CodeIgniter\Boot::bootWeb(Object(Config\Paths))
14 SYSTEMPATH\rewrite.php(44): require_once('C:\\Users\\100-CPU-TBN\\Desktop\\shearing-project\\majShearing\\public\\index.php')
CRITICAL - 2026-01-29 08:41:02 --> [Caused by] mysqli_sql_exception: No database selected
in SYSTEMPATH\Database\MySQLi\Connection.php on line 327.
 1 SYSTEMPATH\Database\MySQLi\Connection.php(327): mysqli->query('INSERT INTO `shearing_transaction` (`shearing_number`, `order_type`, `quantity`, `payload`, `status`, `created_at`, `nik`) VALUES (\'S53728-BZ130-00\', \'ZSHR\', \'200\', \'{\\"shearing\\":\\"S53728-BZ130-00\\",\\"quantity\\":\\"200\\"}\', \'pending\', \'2026-01-29 08:41:02\', \'R.9293\')', 0)
 2 SYSTEMPATH\Database\BaseConnection.php(729): CodeIgniter\Database\MySQLi\Connection->execute('INSERT INTO `shearing_transaction` (`shearing_number`, `order_type`, `quantity`, `payload`, `status`, `created_at`, `nik`) VALUES (\'S53728-BZ130-00\', \'ZSHR\', \'200\', \'{\\"shearing\\":\\"S53728-BZ130-00\\",\\"quantity\\":\\"200\\"}\', \'pending\', \'2026-01-29 08:41:02\', \'R.9293\')')
 3 SYSTEMPATH\Database\BaseConnection.php(646): CodeIgniter\Database\BaseConnection->simpleQuery('INSERT INTO `shearing_transaction` (`shearing_number`, `order_type`, `quantity`, `payload`, `status`, `created_at`, `nik`) VALUES (\'S53728-BZ130-00\', \'ZSHR\', \'200\', \'{\\"shearing\\":\\"S53728-BZ130-00\\",\\"quantity\\":\\"200\\"}\', \'pending\', \'2026-01-29 08:41:02\', \'R.9293\')')
 4 SYSTEMPATH\Database\BaseBuilder.php(2345): CodeIgniter\Database\BaseConnection->query('INSERT INTO `shearing_transaction` (`shearing_number`, `order_type`, `quantity`, `payload`, `status`, `created_at`, `nik`) VALUES (:shearing_number:, :order_type:, :quantity:, :payload:, :status:, :created_at:, :nik:)', [...], false)
 5 SYSTEMPATH\Model.php(394): CodeIgniter\Database\BaseBuilder->insert()
 6 SYSTEMPATH\BaseModel.php(838): CodeIgniter\Model->doInsert([...])
 7 SYSTEMPATH\Model.php(797): CodeIgniter\BaseModel->insert([...], true)
 8 APPPATH\Controllers\Report.php(137): CodeIgniter\Model->insert([...])
 9 SYSTEMPATH\CodeIgniter.php(933): App\Controllers\Report->create_order()
10 SYSTEMPATH\CodeIgniter.php(507): CodeIgniter\CodeIgniter->runController(Object(App\Controllers\Report))
11 SYSTEMPATH\CodeIgniter.php(354): CodeIgniter\CodeIgniter->handleRequest(null, Object(Config\Cache), false)
12 SYSTEMPATH\Boot.php(363): CodeIgniter\CodeIgniter->run()
13 SYSTEMPATH\Boot.php(68): CodeIgniter\Boot::runCodeIgniter(Object(CodeIgniter\CodeIgniter))
14 FCPATH\index.php(68): CodeIgniter\Boot::bootWeb(Object(Config\Paths))
15 SYSTEMPATH\rewrite.php(44): require_once('C:\\Users\\100-CPU-TBN\\Desktop\\shearing-project\\majShearing\\public\\index.php')
CRITICAL - 2026-01-29 08:41:46 --> ErrorException: Undefined variable $transactionId
[Method: POST, Route: create-order]
in APPPATH\Controllers\Report.php on line 163.
 1 APPPATH\Controllers\Report.php(163): CodeIgniter\Debug\Exceptions->errorHandler(2, 'Undefined variable $transactionId', 'C:\\Users\\100-CPU-TBN\\Desktop\\shearing-project\\majShearing\\app\\Controllers\\Report.php', 163)
 2 SYSTEMPATH\CodeIgniter.php(933): App\Controllers\Report->create_order()
 3 SYSTEMPATH\CodeIgniter.php(507): CodeIgniter\CodeIgniter->runController(Object(App\Controllers\Report))
 4 SYSTEMPATH\CodeIgniter.php(354): CodeIgniter\CodeIgniter->handleRequest(null, Object(Config\Cache), false)
 5 SYSTEMPATH\Boot.php(363): CodeIgniter\CodeIgniter->run()
 6 SYSTEMPATH\Boot.php(68): CodeIgniter\Boot::runCodeIgniter(Object(CodeIgniter\CodeIgniter))
 7 FCPATH\index.php(68): CodeIgniter\Boot::bootWeb(Object(Config\Paths))
 8 SYSTEMPATH\rewrite.php(44): require_once('C:\\Users\\100-CPU-TBN\\Desktop\\shearing-project\\majShearing\\public\\index.php')
CRITICAL - 2026-01-29 08:42:12 --> ErrorException: Undefined variable $2
[Method: POST, Route: create-order]
in APPPATH\Controllers\Report.php on line 163.
 1 APPPATH\Controllers\Report.php(163): CodeIgniter\Debug\Exceptions->errorHandler(2, 'Undefined variable $2', 'C:\\Users\\100-CPU-TBN\\Desktop\\shearing-project\\majShearing\\app\\Controllers\\Report.php', 163)
 2 SYSTEMPATH\CodeIgniter.php(933): App\Controllers\Report->create_order()
 3 SYSTEMPATH\CodeIgniter.php(507): CodeIgniter\CodeIgniter->runController(Object(App\Controllers\Report))
 4 SYSTEMPATH\CodeIgniter.php(354): CodeIgniter\CodeIgniter->handleRequest(null, Object(Config\Cache), false)
 5 SYSTEMPATH\Boot.php(363): CodeIgniter\CodeIgniter->run()
 6 SYSTEMPATH\Boot.php(68): CodeIgniter\Boot::runCodeIgniter(Object(CodeIgniter\CodeIgniter))
 7 FCPATH\index.php(68): CodeIgniter\Boot::bootWeb(Object(Config\Paths))
 8 SYSTEMPATH\rewrite.php(44): require_once('C:\\Users\\100-CPU-TBN\\Desktop\\shearing-project\\majShearing\\public\\index.php')
CRITICAL - 2026-01-29 08:42:30 --> ErrorException: Undefined array key "MESSAGE2"
[Method: POST, Route: create-order]
in APPPATH\Controllers\Report.php on line 165.
 1 APPPATH\Controllers\Report.php(165): CodeIgniter\Debug\Exceptions->errorHandler(2, 'Undefined array key "MESSAGE2"', 'C:\\Users\\100-CPU-TBN\\Desktop\\shearing-project\\majShearing\\app\\Controllers\\Report.php', 165)
 2 SYSTEMPATH\CodeIgniter.php(933): App\Controllers\Report->create_order()
 3 SYSTEMPATH\CodeIgniter.php(507): CodeIgniter\CodeIgniter->runController(Object(App\Controllers\Report))
 4 SYSTEMPATH\CodeIgniter.php(354): CodeIgniter\CodeIgniter->handleRequest(null, Object(Config\Cache), false)
 5 SYSTEMPATH\Boot.php(363): CodeIgniter\CodeIgniter->run()
 6 SYSTEMPATH\Boot.php(68): CodeIgniter\Boot::runCodeIgniter(Object(CodeIgniter\CodeIgniter))
 7 FCPATH\index.php(68): CodeIgniter\Boot::bootWeb(Object(Config\Paths))
 8 SYSTEMPATH\rewrite.php(44): require_once('C:\\Users\\100-CPU-TBN\\Desktop\\shearing-project\\majShearing\\public\\index.php')
