CRITICAL - 2025-12-16 11:36:49 --> ErrorException: Undefined variable $rows
[Method: GET, Route: /]
in APPPATH\Controllers\Report.php on line 31.
 1 APPPATH\Controllers\Report.php(31): CodeIgniter\Debug\Exceptions->errorHandler(2, 'Undefined variable $rows', 'D:\\RAFI\\Program Shearing\\ci-app\\app\\Controllers\\Report.php', 31)
 2 SYSTEMPATH\CodeIgniter.php(933): App\Controllers\Report->shearing()
 3 SYSTEMPATH\CodeIgniter.php(507): CodeIgniter\CodeIgniter->runController(Object(App\Controllers\Report))
 4 SYSTEMPATH\CodeIgniter.php(354): CodeIgniter\CodeIgniter->handleRequest(null, Object(Config\Cache), false)
 5 SYSTEMPATH\Boot.php(363): CodeIgniter\CodeIgniter->run()
 6 SYSTEMPATH\Boot.php(68): CodeIgniter\Boot::runCodeIgniter(Object(CodeIgniter\CodeIgniter))
 7 FCPATH\index.php(59): CodeIgniter\Boot::bootWeb(Object(Config\Paths))
 8 SYSTEMPATH\rewrite.php(44): require_once('D:\\RAFI\\Program Shearing\\ci-app\\public\\index.php')
CRITICAL - 2025-12-16 12:02:47 --> ErrorException: Maximum execution time of 60 seconds exceeded
[Method: GET, Route: /]
in APPPATH\Models\M_curl.php on line 36.
 1 [internal function]: CodeIgniter\Debug\Exceptions->shutdownHandler()
CRITICAL - 2025-12-16 12:05:11 --> ErrorException: Maximum execution time of 60 seconds exceeded
[Method: GET, Route: /]
in APPPATH\Models\M_curl.php on line 36.
 1 [internal function]: CodeIgniter\Debug\Exceptions->shutdownHandler()
CRITICAL - 2025-12-16 12:09:56 --> ErrorException: Maximum execution time of 60 seconds exceeded
[Method: GET, Route: /]
in APPPATH\Models\M_curl.php on line 36.
 1 [internal function]: CodeIgniter\Debug\Exceptions->shutdownHandler()
