ERROR - 2026-01-30 09:46:56 --> mysqli_sql_exception: Column 'nik' cannot be null in C:\Users\100-CPU-TBN\Desktop\shearing-project\majShearing\system\Database\MySQLi\Connection.php:327
Stack trace:
#0 C:\Users\100-CPU-TBN\Desktop\shearing-project\majShearing\system\Database\MySQLi\Connection.php(327): mysqli->query('INSERT INTO `or...', 0)
#1 C:\Users\100-CPU-TBN\Desktop\shearing-project\majShearing\system\Database\BaseConnection.php(729): CodeIgniter\Database\MySQLi\Connection->execute('INSERT INTO `or...')
#2 C:\Users\100-CPU-TBN\Desktop\shearing-project\majShearing\system\Database\BaseConnection.php(646): CodeIgniter\Database\BaseConnection->simpleQuery('INSERT INTO `or...')
#3 C:\Users\100-CPU-TBN\Desktop\shearing-project\majShearing\system\Database\BaseBuilder.php(2345): CodeIgniter\Database\BaseConnection->query('INSERT INTO `or...', Array, false)
#4 C:\Users\100-CPU-TBN\Desktop\shearing-project\majShearing\system\Model.php(394): CodeIgniter\Database\BaseBuilder->insert()
#5 C:\Users\100-CPU-TBN\Desktop\shearing-project\majShearing\system\BaseModel.php(838): CodeIgniter\Model->doInsert(Array)
#6 C:\Users\100-CPU-TBN\Desktop\shearing-project\majShearing\system\Model.php(797): CodeIgniter\BaseModel->insert(Array, true)
#7 C:\Users\100-CPU-TBN\Desktop\shearing-project\majShearing\app\Controllers\Report.php(137): CodeIgniter\Model->insert(Array)
#8 C:\Users\100-CPU-TBN\Desktop\shearing-project\majShearing\system\CodeIgniter.php(933): App\Controllers\Report->create_order()
#9 C:\Users\100-CPU-TBN\Desktop\shearing-project\majShearing\system\CodeIgniter.php(507): CodeIgniter\CodeIgniter->runController(Object(App\Controllers\Report))
#10 C:\Users\100-CPU-TBN\Desktop\shearing-project\majShearing\system\CodeIgniter.php(354): CodeIgniter\CodeIgniter->handleRequest(NULL, Object(Config\Cache), false)
#11 C:\Users\100-CPU-TBN\Desktop\shearing-project\majShearing\system\Boot.php(363): CodeIgniter\CodeIgniter->run()
#12 C:\Users\100-CPU-TBN\Desktop\shearing-project\majShearing\system\Boot.php(68): CodeIgniter\Boot::runCodeIgniter(Object(CodeIgniter\CodeIgniter))
#13 C:\Users\100-CPU-TBN\Desktop\shearing-project\majShearing\public\index.php(68): CodeIgniter\Boot::bootWeb(Object(Config\Paths))
#14 C:\Users\100-CPU-TBN\Desktop\shearing-project\majShearing\system\rewrite.php(44): require_once('C:\\Users\\100-CP...')
#15 {main}
CRITICAL - 2026-01-30 09:46:56 --> CodeIgniter\Database\Exceptions\DatabaseException: Column 'nik' cannot be null
[Method: POST, Route: create-order]
in SYSTEMPATH\Database\BaseConnection.php on line 684.
 1 SYSTEMPATH\Database\BaseBuilder.php(2345): CodeIgniter\Database\BaseConnection->query('INSERT INTO `order_shearing` (`shearing_number`, `order_type`, `quantity`, `payload`, `status`, `created_at`, `nik`) VALUES (:shearing_number:, :order_type:, :quantity:, :payload:, :status:, :created_at:, :nik:)', [...], false)
 2 SYSTEMPATH\Model.php(394): CodeIgniter\Database\BaseBuilder->insert()
 3 SYSTEMPATH\BaseModel.php(838): CodeIgniter\Model->doInsert([...])
 4 SYSTEMPATH\Model.php(797): CodeIgniter\BaseModel->insert([...], true)
 5 APPPATH\Controllers\Report.php(137): CodeIgniter\Model->insert([...])
 6 SYSTEMPATH\CodeIgniter.php(933): App\Controllers\Report->create_order()
 7 SYSTEMPATH\CodeIgniter.php(507): CodeIgniter\CodeIgniter->runController(Object(App\Controllers\Report))
 8 SYSTEMPATH\CodeIgniter.php(354): CodeIgniter\CodeIgniter->handleRequest(null, Object(Config\Cache), false)
 9 SYSTEMPATH\Boot.php(363): CodeIgniter\CodeIgniter->run()
10 SYSTEMPATH\Boot.php(68): CodeIgniter\Boot::runCodeIgniter(Object(CodeIgniter\CodeIgniter))
11 FCPATH\index.php(68): CodeIgniter\Boot::bootWeb(Object(Config\Paths))
12 SYSTEMPATH\rewrite.php(44): require_once('C:\\Users\\100-CPU-TBN\\Desktop\\shearing-project\\majShearing\\public\\index.php')
CRITICAL - 2026-01-30 09:46:56 --> [Caused by] CodeIgniter\Database\Exceptions\DatabaseException: Column 'nik' cannot be null
in SYSTEMPATH\Database\MySQLi\Connection.php on line 332.
 1 SYSTEMPATH\Database\BaseConnection.php(729): CodeIgniter\Database\MySQLi\Connection->execute('INSERT INTO `order_shearing` (`shearing_number`, `order_type`, `quantity`, `payload`, `status`, `created_at`, `nik`) VALUES (\'S53728-BZ130-00\', \'ZSHR\', \'200\', \'{\\"shearing\\":\\"S53728-BZ130-00\\",\\"quantity\\":\\"200\\"}\', \'pending\', \'2026-01-30 09:46:56\', NULL)')
 2 SYSTEMPATH\Database\BaseConnection.php(646): CodeIgniter\Database\BaseConnection->simpleQuery('INSERT INTO `order_shearing` (`shearing_number`, `order_type`, `quantity`, `payload`, `status`, `created_at`, `nik`) VALUES (\'S53728-BZ130-00\', \'ZSHR\', \'200\', \'{\\"shearing\\":\\"S53728-BZ130-00\\",\\"quantity\\":\\"200\\"}\', \'pending\', \'2026-01-30 09:46:56\', NULL)')
 3 SYSTEMPATH\Database\BaseBuilder.php(2345): CodeIgniter\Database\BaseConnection->query('INSERT INTO `order_shearing` (`shearing_number`, `order_type`, `quantity`, `payload`, `status`, `created_at`, `nik`) VALUES (:shearing_number:, :order_type:, :quantity:, :payload:, :status:, :created_at:, :nik:)', [...], false)
 4 SYSTEMPATH\Model.php(394): CodeIgniter\Database\BaseBuilder->insert()
 5 SYSTEMPATH\BaseModel.php(838): CodeIgniter\Model->doInsert([...])
 6 SYSTEMPATH\Model.php(797): CodeIgniter\BaseModel->insert([...], true)
 7 APPPATH\Controllers\Report.php(137): CodeIgniter\Model->insert([...])
 8 SYSTEMPATH\CodeIgniter.php(933): App\Controllers\Report->create_order()
 9 SYSTEMPATH\CodeIgniter.php(507): CodeIgniter\CodeIgniter->runController(Object(App\Controllers\Report))
10 SYSTEMPATH\CodeIgniter.php(354): CodeIgniter\CodeIgniter->handleRequest(null, Object(Config\Cache), false)
11 SYSTEMPATH\Boot.php(363): CodeIgniter\CodeIgniter->run()
12 SYSTEMPATH\Boot.php(68): CodeIgniter\Boot::runCodeIgniter(Object(CodeIgniter\CodeIgniter))
13 FCPATH\index.php(68): CodeIgniter\Boot::bootWeb(Object(Config\Paths))
14 SYSTEMPATH\rewrite.php(44): require_once('C:\\Users\\100-CPU-TBN\\Desktop\\shearing-project\\majShearing\\public\\index.php')
CRITICAL - 2026-01-30 09:46:56 --> [Caused by] mysqli_sql_exception: Column 'nik' cannot be null
in SYSTEMPATH\Database\MySQLi\Connection.php on line 327.
 1 SYSTEMPATH\Database\MySQLi\Connection.php(327): mysqli->query('INSERT INTO `order_shearing` (`shearing_number`, `order_type`, `quantity`, `payload`, `status`, `created_at`, `nik`) VALUES (\'S53728-BZ130-00\', \'ZSHR\', \'200\', \'{\\"shearing\\":\\"S53728-BZ130-00\\",\\"quantity\\":\\"200\\"}\', \'pending\', \'2026-01-30 09:46:56\', NULL)', 0)
 2 SYSTEMPATH\Database\BaseConnection.php(729): CodeIgniter\Database\MySQLi\Connection->execute('INSERT INTO `order_shearing` (`shearing_number`, `order_type`, `quantity`, `payload`, `status`, `created_at`, `nik`) VALUES (\'S53728-BZ130-00\', \'ZSHR\', \'200\', \'{\\"shearing\\":\\"S53728-BZ130-00\\",\\"quantity\\":\\"200\\"}\', \'pending\', \'2026-01-30 09:46:56\', NULL)')
 3 SYSTEMPATH\Database\BaseConnection.php(646): CodeIgniter\Database\BaseConnection->simpleQuery('INSERT INTO `order_shearing` (`shearing_number`, `order_type`, `quantity`, `payload`, `status`, `created_at`, `nik`) VALUES (\'S53728-BZ130-00\', \'ZSHR\', \'200\', \'{\\"shearing\\":\\"S53728-BZ130-00\\",\\"quantity\\":\\"200\\"}\', \'pending\', \'2026-01-30 09:46:56\', NULL)')
 4 SYSTEMPATH\Database\BaseBuilder.php(2345): CodeIgniter\Database\BaseConnection->query('INSERT INTO `order_shearing` (`shearing_number`, `order_type`, `quantity`, `payload`, `status`, `created_at`, `nik`) VALUES (:shearing_number:, :order_type:, :quantity:, :payload:, :status:, :created_at:, :nik:)', [...], false)
 5 SYSTEMPATH\Model.php(394): CodeIgniter\Database\BaseBuilder->insert()
 6 SYSTEMPATH\BaseModel.php(838): CodeIgniter\Model->doInsert([...])
 7 SYSTEMPATH\Model.php(797): CodeIgniter\BaseModel->insert([...], true)
 8 APPPATH\Controllers\Report.php(137): CodeIgniter\Model->insert([...])
 9 SYSTEMPATH\CodeIgniter.php(933): App\Controllers\Report->create_order()
10 SYSTEMPATH\CodeIgniter.php(507): CodeIgniter\CodeIgniter->runController(Object(App\Controllers\Report))
11 SYSTEMPATH\CodeIgniter.php(354): CodeIgniter\CodeIgniter->handleRequest(null, Object(Config\Cache), false)
12 SYSTEMPATH\Boot.php(363): CodeIgniter\CodeIgniter->run()
13 SYSTEMPATH\Boot.php(68): CodeIgniter\Boot::runCodeIgniter(Object(CodeIgniter\CodeIgniter))
14 FCPATH\index.php(68): CodeIgniter\Boot::bootWeb(Object(Config\Paths))
15 SYSTEMPATH\rewrite.php(44): require_once('C:\\Users\\100-CPU-TBN\\Desktop\\shearing-project\\majShearing\\public\\index.php')
