CRITICAL - 2026-01-20 07:39:09 --> ParseError: syntax error, unexpected token "}", expecting ";"
[Method: GET, Route: api/users]
in APPPATH\Controllers\LocalAPI.php on line 19.
 1 SYSTEMPATH\Autoloader\Autoloader.php(295): CodeIgniter\Autoloader\Autoloader->includeFile('C:\\Users\\100-CPU-TBN\\Desktop\\shearing-project\\majShearing\\app\\Controllers\\LocalAPI.php')
 2 SYSTEMPATH\Autoloader\Autoloader.php(271): CodeIgniter\Autoloader\Autoloader->loadInNamespace('App\\Controllers\\LocalAPI')
 3 [internal function]: CodeIgniter\Autoloader\Autoloader->loadClass('App\\Controllers\\LocalAPI')
 4 SYSTEMPATH\CodeIgniter.php(885): class_exists('\\App\\Controllers\\LocalAPI', true)
 5 SYSTEMPATH\CodeIgniter.php(494): CodeIgniter\CodeIgniter->startController()
 6 SYSTEMPATH\CodeIgniter.php(354): CodeIgniter\CodeIgniter->handleRequest(null, Object(Config\Cache), false)
 7 SYSTEMPATH\Boot.php(363): CodeIgniter\CodeIgniter->run()
 8 SYSTEMPATH\Boot.php(68): CodeIgniter\Boot::runCodeIgniter(Object(CodeIgniter\CodeIgniter))
 9 FCPATH\index.php(59): CodeIgniter\Boot::bootWeb(Object(Config\Paths))
10 SYSTEMPATH\rewrite.php(44): require_once('C:\\Users\\100-CPU-TBN\\Desktop\\shearing-project\\majShearing\\public\\index.php')
CRITICAL - 2026-01-20 07:39:21 --> ParseError: syntax error, unexpected token "}", expecting ";"
[Method: GET, Route: api/users]
in APPPATH\Controllers\LocalAPI.php on line 19.
 1 SYSTEMPATH\Autoloader\Autoloader.php(295): CodeIgniter\Autoloader\Autoloader->includeFile('C:\\Users\\100-CPU-TBN\\Desktop\\shearing-project\\majShearing\\app\\Controllers\\LocalAPI.php')
 2 SYSTEMPATH\Autoloader\Autoloader.php(271): CodeIgniter\Autoloader\Autoloader->loadInNamespace('App\\Controllers\\LocalAPI')
 3 [internal function]: CodeIgniter\Autoloader\Autoloader->loadClass('App\\Controllers\\LocalAPI')
 4 SYSTEMPATH\CodeIgniter.php(885): class_exists('\\App\\Controllers\\LocalAPI', true)
 5 SYSTEMPATH\CodeIgniter.php(494): CodeIgniter\CodeIgniter->startController()
 6 SYSTEMPATH\CodeIgniter.php(354): CodeIgniter\CodeIgniter->handleRequest(null, Object(Config\Cache), false)
 7 SYSTEMPATH\Boot.php(363): CodeIgniter\CodeIgniter->run()
 8 SYSTEMPATH\Boot.php(68): CodeIgniter\Boot::runCodeIgniter(Object(CodeIgniter\CodeIgniter))
 9 FCPATH\index.php(59): CodeIgniter\Boot::bootWeb(Object(Config\Paths))
10 SYSTEMPATH\rewrite.php(44): require_once('C:\\Users\\100-CPU-TBN\\Desktop\\shearing-project\\majShearing\\public\\index.php')
CRITICAL - 2026-01-20 07:41:17 --> Error: Call to undefined function App\Controllers\setJSON()
[Method: GET, Route: users]
in APPPATH\Controllers\LocalAPI.php on line 11.
 1 SYSTEMPATH\CodeIgniter.php(933): App\Controllers\LocalAPI->index()
 2 SYSTEMPATH\CodeIgniter.php(507): CodeIgniter\CodeIgniter->runController(Object(App\Controllers\LocalAPI))
 3 SYSTEMPATH\CodeIgniter.php(354): CodeIgniter\CodeIgniter->handleRequest(null, Object(Config\Cache), false)
 4 SYSTEMPATH\Boot.php(363): CodeIgniter\CodeIgniter->run()
 5 SYSTEMPATH\Boot.php(68): CodeIgniter\Boot::runCodeIgniter(Object(CodeIgniter\CodeIgniter))
 6 FCPATH\index.php(59): CodeIgniter\Boot::bootWeb(Object(Config\Paths))
 7 SYSTEMPATH\rewrite.php(44): require_once('C:\\Users\\100-CPU-TBN\\Desktop\\shearing-project\\majShearing\\public\\index.php')
